# Test cases for add_integer function

>>> add_integer = __import__('0-add_integer').add_integer

# Test case 1
>>> add_integer(1, 2)
3

# Test case 2
>>> add_integer(100, -2)
98

# Test case 3
>>> add_integer(2)
100

# Test case 4
>>> add_integer(100.3, -2)
98

# Test case 5 - Handling TypeError (b must be an integer)
>>> add_integer(4, "School")
Traceback (most recent call last):
    ...
TypeError: b must be an integer

# Test case 6 - Handling TypeError (a must be an integer)
>>> add_integer(None)
Traceback (most recent call last):
    ...
TypeError: a must be an integer

# Test case 7 - Float Overflow
>>> add_integer(1e311, 1)
Traceback (most recent call last):
    ...
OverflowError: cannot convert float infinity to integer

# Test case 8 - Float NaN
>>> add_integer(float('nan'), 1)
Traceback (most recent call last):
    ...
ValueError: cannot convert float NaN to integer
