# Test cases for matrix_divided function

>>> matrix_divided = __import__('2-matrix_divided').matrix_divided

# Test case 1 - Basic division
>>> matrix_divided([[1, 2, 3], [4, 5, 6]], 3)
[[0.33, 0.67, 1.0], [1.33, 1.67, 2.0]]

# Test case 2 - Negative divisor
>>> matrix_divided([[1, 2, 3], [4, 5, 6]], -2)
[[-0.5, -1.0, -1.5], [-2.0, -2.5, -3.0]]

# Test case 3 - Divisor as a float
>>> matrix_divided([[1, 2, 3], [4, 5, 6]], 2.5)
[[0.4, 0.8, 1.2], [1.6, 2.0, 2.4]]

# Test case 4 - Matrix with floats
>>> matrix_divided([[1.5, 2.5, 3.5], [4.5, 5.5, 6.5]], 2)
[[0.75, 1.25, 1.75], [2.25, 2.75, 3.25]]

# Test case 5 - Matrix with integers and floats
>>> matrix_divided([[1, 2.5, 3], [4, 5, 6.5]], 2)
[[0.5, 1.25, 1.5], [2.0, 2.5, 3.25]]

# Test case 6 - Zero divisor (should raise ZeroDivisionError)
>>> matrix_divided([[1, 2, 3], [4, 5, 6]], 0)
Traceback (most recent call last):
    ...
ZeroDivisionError: division by zero

# Test case 7 - Non-numeric divisor (should raise TypeError)
>>> matrix_divided([[1, 2, 3], [4, 5, 6]], "two")
Traceback (most recent call last):
    ...
TypeError: div must be a number

# Test case 8 - Matrix with inconsistent row size (should raise TypeError)
>>> matrix_divided([[1, 2, 3], [4, 5]], 2)
Traceback (most recent call last):
    ...
TypeError: Each row of the matrix must have the same size

# Test case 9 - Matrix with non-numeric elements (should raise TypeError)
>>> matrix_divided([[1, 'two', 3], [4, 5, 6]], 2)
Traceback (most recent call last):
    ...
TypeError: matrix must be a matrix (list of lists) of integers/floats

# Test case 10 - Missing matrix argument
>>> matrix_divided([], 2)
[]

# Test case 11 - Missing divisor argument (should raise TypeError)
>>> matrix_divided([[1, 2, 3], [4, 5, 6]], "div")
Traceback (most recent call last):
    ...
TypeError: div must be a number

# Test case 12 - Missing both matrix and divisor arguments (should raise TypeError)
>>> matrix_divided()
Traceback (most recent call last):
    ...
TypeError: matrix_divided() missing 2 required positional arguments: 'matrix' and 'div'