# test_base_geometry.txt

>>> BaseGeometry = __import__('7-base_geometry').BaseGeometry
>>> bg = BaseGeometry()
>>> type(bg)
<class '7-base_geometry.BaseGeometry'>

>>> bg.area()
Traceback (most recent call last):
    ...
Exception: area() is not implemented

>>> bg.integer_validator("width", 5)

>>> bg.integer_validator("height", 0)
Traceback (most recent call last):
    ...
ValueError: height must be greater than 0

>>> bg.integer_validator("size", "invalid")
Traceback (most recent call last):
    ...
TypeError: size must be an integer
